#alpha!!!   ** * * h3LL0 h# bye 5432! !5432 234 %@&*)(
#alpha!!!   ** * * h3LL0 h# bye 5432! !5432 234 %@&*)(
#alpha!!!   ** * * h3LL0 h# bye 5432! !5432 234 %@&*)(
#alpha!!!   ** * * h3LL0 h# bye 5432! !5432 234 %@&*)(
#alpha!!!   ** * * h3LL0 h# bye 5432! !5432 234 %@&*)(
#alpha!!!   ** * * h3LL0 h# bye 5432! !5432 234 %@&*)(
#alpha!!!   ** * * h3LL0 h# bye 5432! !5432 234 %@&*)(
#alpha!!!   ** * * h3LL0 h# bye 5432! !5432 234 %@&*)(
#alpha!!!   ** * * h3LL0 h# bye 5432! !5432 234 %@&*)(
#alpha!!!   ** * * h3LL0 h# bye 5432! !5432 234 %@&*)(
#alpha!!!   ** * * h3LL0 h# bye 5432! !5432 234 %@&*)(
#alpha!!!   ** * * h3LL0 h# bye 5432! !5432 234 %@&*)(
#alpha!!!   ** * * h3LL0 h# bye 5432! !5432 234 %@&*)(
#alpha!!!   ** * * h3LL0 h# bye 5432! !5432 234 %@&*)(
#alpha!!!   ** * * h3LL0 h# bye 5432! !5432 234 %@&*)(
